  Determining projects to restore...
/usr/share/dotnet/sdk/10.0.201/Sdks/Microsoft.NET.Sdk/targets/Microsoft.NET.Sdk.FrameworkReferenceResolution.targets(120,5): error NETSDK1100: To build a project targeting Windows on this operating system, set the EnableWindowsTargeting property to true. [/home/runner/work/Tomb-Editor/Tomb-Editor/DarkUI/DarkUI.WPF/DarkUI.WPF.csproj]
/usr/share/dotnet/sdk/10.0.201/Sdks/Microsoft.NET.Sdk/targets/Microsoft.NET.Sdk.FrameworkReferenceResolution.targets(120,5): error NETSDK1100: To build a project targeting Windows on this operating system, set the EnableWindowsTargeting property to true. [/home/runner/work/Tomb-Editor/Tomb-Editor/DarkUI/DarkUI/DarkUI.csproj]
/usr/share/dotnet/sdk/10.0.201/Sdks/Microsoft.NET.Sdk/targets/Microsoft.NET.Sdk.FrameworkReferenceResolution.targets(120,5): error NETSDK1100: To build a project targeting Windows on this operating system, set the EnableWindowsTargeting property to true. [/home/runner/work/Tomb-Editor/Tomb-Editor/TombLib/TombLib.WPF/TombLib.WPF.csproj]
/usr/share/dotnet/sdk/10.0.201/Sdks/Microsoft.NET.Sdk/targets/Microsoft.NET.Sdk.FrameworkReferenceResolution.targets(120,5): error NETSDK1100: To build a project targeting Windows on this operating system, set the EnableWindowsTargeting property to true. [/home/runner/work/Tomb-Editor/Tomb-Editor/TombLib/TombLib/TombLib.csproj]
/usr/share/dotnet/sdk/10.0.201/Sdks/Microsoft.NET.Sdk/targets/Microsoft.NET.Sdk.FrameworkReferenceResolution.targets(120,5): error NETSDK1100: To build a project targeting Windows on this operating system, set the EnableWindowsTargeting property to true. [/home/runner/work/Tomb-Editor/Tomb-Editor/TombLib/TombLib.Forms/TombLib.Forms.csproj]
/usr/share/dotnet/sdk/10.0.201/Sdks/Microsoft.NET.Sdk/targets/Microsoft.NET.EolTargetFrameworks.targets(32,5): warning NETSDK1138: The target framework 'net6.0-windows' is out of support and will not receive security updates in the future. Please refer to https://aka.ms/dotnet-core-support for more information about the support policy. [/home/runner/work/Tomb-Editor/Tomb-Editor/WadTool/WadTool.csproj]
/usr/share/dotnet/sdk/10.0.201/Sdks/Microsoft.NET.Sdk/targets/Microsoft.NET.Sdk.FrameworkReferenceResolution.targets(120,5): error NETSDK1100: To build a project targeting Windows on this operating system, set the EnableWindowsTargeting property to true. [/home/runner/work/Tomb-Editor/Tomb-Editor/TombLib/TombLib.Rendering/TombLib.Rendering.csproj]
/usr/share/dotnet/sdk/10.0.201/Sdks/Microsoft.NET.Sdk/targets/Microsoft.NET.Sdk.FrameworkReferenceResolution.targets(120,5): error NETSDK1100: To build a project targeting Windows on this operating system, set the EnableWindowsTargeting property to true. [/home/runner/work/Tomb-Editor/Tomb-Editor/WadTool/WadTool.csproj]
/usr/share/dotnet/sdk/10.0.201/Sdks/Microsoft.NET.Sdk/targets/Microsoft.NET.EolTargetFrameworks.targets(32,5): warning NETSDK1138: The target framework 'net6.0-windows' is out of support and will not receive security updates in the future. Please refer to https://aka.ms/dotnet-core-support for more information about the support policy. [/home/runner/work/Tomb-Editor/Tomb-Editor/TombEditor/TombEditor.csproj]
/usr/share/dotnet/sdk/10.0.201/Sdks/Microsoft.NET.Sdk/targets/Microsoft.NET.Sdk.FrameworkReferenceResolution.targets(120,5): error NETSDK1100: To build a project targeting Windows on this operating system, set the EnableWindowsTargeting property to true. [/home/runner/work/Tomb-Editor/Tomb-Editor/TombEditor/TombEditor.csproj]
/usr/share/dotnet/sdk/10.0.201/Sdks/Microsoft.NET.Sdk/targets/Microsoft.NET.EolTargetFrameworks.targets(32,5): warning NETSDK1138: The target framework 'net6.0-windows' is out of support and will not receive security updates in the future. Please refer to https://aka.ms/dotnet-core-support for more information about the support policy. [/home/runner/work/Tomb-Editor/Tomb-Editor/DarkUI/Example/Example.csproj]
/usr/share/dotnet/sdk/10.0.201/Sdks/Microsoft.NET.Sdk/targets/Microsoft.NET.Sdk.FrameworkReferenceResolution.targets(120,5): error NETSDK1100: To build a project targeting Windows on this operating system, set the EnableWindowsTargeting property to true. [/home/runner/work/Tomb-Editor/Tomb-Editor/TombIDE/TombIDE.Shared/TombIDE.Shared.csproj]
/usr/share/dotnet/sdk/10.0.201/Sdks/Microsoft.NET.Sdk/targets/Microsoft.NET.Sdk.FrameworkReferenceResolution.targets(120,5): error NETSDK1100: To build a project targeting Windows on this operating system, set the EnableWindowsTargeting property to true. [/home/runner/work/Tomb-Editor/Tomb-Editor/DarkUI/Example/Example.csproj]
/usr/share/dotnet/sdk/10.0.201/Sdks/Microsoft.NET.Sdk/targets/Microsoft.NET.Sdk.FrameworkReferenceResolution.targets(120,5): error NETSDK1100: To build a project targeting Windows on this operating system, set the EnableWindowsTargeting property to true. [/home/runner/work/Tomb-Editor/Tomb-Editor/TombLib/TombLib.Scripting.ClassicScript/TombLib.Scripting.ClassicScript.csproj]
/usr/share/dotnet/sdk/10.0.201/Sdks/Microsoft.NET.Sdk/targets/Microsoft.NET.EolTargetFrameworks.targets(32,5): warning NETSDK1138: The target framework 'net6.0-windows' is out of support and will not receive security updates in the future. Please refer to https://aka.ms/dotnet-core-support for more information about the support policy. [/home/runner/work/Tomb-Editor/Tomb-Editor/NgXmlBuilder/NgXmlBuilder.csproj]
/usr/share/dotnet/sdk/10.0.201/Sdks/Microsoft.NET.Sdk/targets/Microsoft.NET.Sdk.FrameworkReferenceResolution.targets(120,5): error NETSDK1100: To build a project targeting Windows on this operating system, set the EnableWindowsTargeting property to true. [/home/runner/work/Tomb-Editor/Tomb-Editor/TombIDE/TombIDE.ScriptingStudio/TombIDE.ScriptingStudio.csproj]
/usr/share/dotnet/sdk/10.0.201/Sdks/Microsoft.NET.Sdk/targets/Microsoft.NET.EolTargetFrameworks.targets(32,5): warning NETSDK1138: The target framework 'net6.0-windows' is out of support and will not receive security updates in the future. Please refer to https://aka.ms/dotnet-core-support for more information about the support policy. [/home/runner/work/Tomb-Editor/Tomb-Editor/TombIDE/TombIDE/TombIDE.csproj]
/usr/share/dotnet/sdk/10.0.201/Sdks/Microsoft.NET.Sdk/targets/Microsoft.NET.Sdk.FrameworkReferenceResolution.targets(120,5): error NETSDK1100: To build a project targeting Windows on this operating system, set the EnableWindowsTargeting property to true. [/home/runner/work/Tomb-Editor/Tomb-Editor/TombLib/TombLib.Scripting/TombLib.Scripting.csproj]
/usr/share/dotnet/sdk/10.0.201/Sdks/Microsoft.NET.Sdk/targets/Microsoft.NET.Sdk.FrameworkReferenceResolution.targets(120,5): error NETSDK1100: To build a project targeting Windows on this operating system, set the EnableWindowsTargeting property to true. [/home/runner/work/Tomb-Editor/Tomb-Editor/TombIDE/TombIDE/TombIDE.csproj]
/usr/share/dotnet/sdk/10.0.201/Sdks/Microsoft.NET.Sdk/targets/Microsoft.NET.Sdk.FrameworkReferenceResolution.targets(120,5): error NETSDK1100: To build a project targeting Windows on this operating system, set the EnableWindowsTargeting property to true. [/home/runner/work/Tomb-Editor/Tomb-Editor/TombLib/TombLib.Scripting.GameFlowScript/TombLib.Scripting.GameFlowScript.csproj]
/usr/share/dotnet/sdk/10.0.201/Sdks/Microsoft.NET.Sdk/targets/Microsoft.NET.EolTargetFrameworks.targets(32,5): warning NETSDK1138: The target framework 'net6.0-windows' is out of support and will not receive security updates in the future. Please refer to https://aka.ms/dotnet-core-support for more information about the support policy. [/home/runner/work/Tomb-Editor/Tomb-Editor/FileAssociation/FileAssociation.csproj]
/usr/share/dotnet/sdk/10.0.201/Sdks/Microsoft.NET.Sdk/targets/Microsoft.NET.Sdk.FrameworkReferenceResolution.targets(120,5): error NETSDK1100: To build a project targeting Windows on this operating system, set the EnableWindowsTargeting property to true. [/home/runner/work/Tomb-Editor/Tomb-Editor/TombLib/TombLib.Scripting.Tomb1Main/TombLib.Scripting.Tomb1Main.csproj]
/usr/share/dotnet/sdk/10.0.201/Sdks/Microsoft.NET.Sdk/targets/Microsoft.NET.Sdk.FrameworkReferenceResolution.targets(120,5): error NETSDK1100: To build a project targeting Windows on this operating system, set the EnableWindowsTargeting property to true. [/home/runner/work/Tomb-Editor/Tomb-Editor/FileAssociation/FileAssociation.csproj]
/usr/share/dotnet/sdk/10.0.201/Sdks/Microsoft.NET.Sdk/targets/Microsoft.NET.EolTargetFrameworks.targets(32,5): warning NETSDK1138: The target framework 'net6.0-windows' is out of support and will not receive security updates in the future. Please refer to https://aka.ms/dotnet-core-support for more information about the support policy. [/home/runner/work/Tomb-Editor/Tomb-Editor/DarkUI/DarkUI.WPF.Demo/DarkUI.WPF.Demo.csproj]
/usr/share/dotnet/sdk/10.0.201/Sdks/Microsoft.NET.Sdk/targets/Microsoft.NET.Sdk.FrameworkReferenceResolution.targets(120,5): error NETSDK1100: To build a project targeting Windows on this operating system, set the EnableWindowsTargeting property to true. [/home/runner/work/Tomb-Editor/Tomb-Editor/DarkUI/DarkUI.WPF.Demo/DarkUI.WPF.Demo.csproj]
/usr/share/dotnet/sdk/10.0.201/Sdks/Microsoft.NET.Sdk/targets/Microsoft.NET.EolTargetFrameworks.targets(32,5): warning NETSDK1138: The target framework 'net6.0-windows' is out of support and will not receive security updates in the future. Please refer to https://aka.ms/dotnet-core-support for more information about the support policy. [/home/runner/work/Tomb-Editor/Tomb-Editor/SoundTool/SoundTool.csproj]
/usr/share/dotnet/sdk/10.0.201/Sdks/Microsoft.NET.Sdk/targets/Microsoft.NET.Sdk.FrameworkReferenceResolution.targets(120,5): error NETSDK1100: To build a project targeting Windows on this operating system, set the EnableWindowsTargeting property to true. [/home/runner/work/Tomb-Editor/Tomb-Editor/SoundTool/SoundTool.csproj]
/usr/share/dotnet/sdk/10.0.201/Sdks/Microsoft.NET.Sdk/targets/Microsoft.NET.Sdk.FrameworkReferenceResolution.targets(120,5): error NETSDK1100: To build a project targeting Windows on this operating system, set the EnableWindowsTargeting property to true. [/home/runner/work/Tomb-Editor/Tomb-Editor/TombIDE/TombIDE.ProjectMaster/TombIDE.ProjectMaster.csproj]
/usr/share/dotnet/sdk/10.0.201/Sdks/Microsoft.NET.Sdk/targets/Microsoft.NET.Sdk.FrameworkReferenceResolution.targets(120,5): error NETSDK1100: To build a project targeting Windows on this operating system, set the EnableWindowsTargeting property to true. [/home/runner/work/Tomb-Editor/Tomb-Editor/TombLib/TombLib.Scripting.Lua/TombLib.Scripting.Lua.csproj]
/usr/share/dotnet/sdk/10.0.201/Sdks/Microsoft.NET.Sdk/targets/Microsoft.NET.EolTargetFrameworks.targets(32,5): warning NETSDK1138: The target framework 'net6.0-windows' is out of support and will not receive security updates in the future. Please refer to https://aka.ms/dotnet-core-support for more information about the support policy. [/home/runner/work/Tomb-Editor/Tomb-Editor/TombIDE/TombIDE.REGSVR/TombIDE.REGSVR.csproj]
/usr/share/dotnet/sdk/10.0.201/Sdks/Microsoft.NET.Sdk/targets/Microsoft.NET.Sdk.FrameworkReferenceResolution.targets(120,5): error NETSDK1100: To build a project targeting Windows on this operating system, set the EnableWindowsTargeting property to true. [/home/runner/work/Tomb-Editor/Tomb-Editor/TombEditor.Tests/TombEditor.Tests.csproj]

Build FAILED.

/usr/share/dotnet/sdk/10.0.201/Sdks/Microsoft.NET.Sdk/targets/Microsoft.NET.EolTargetFrameworks.targets(32,5): warning NETSDK1138: The target framework 'net6.0-windows' is out of support and will not receive security updates in the future. Please refer to https://aka.ms/dotnet-core-support for more information about the support policy. [/home/runner/work/Tomb-Editor/Tomb-Editor/WadTool/WadTool.csproj]
/usr/share/dotnet/sdk/10.0.201/Sdks/Microsoft.NET.Sdk/targets/Microsoft.NET.EolTargetFrameworks.targets(32,5): warning NETSDK1138: The target framework 'net6.0-windows' is out of support and will not receive security updates in the future. Please refer to https://aka.ms/dotnet-core-support for more information about the support policy. [/home/runner/work/Tomb-Editor/Tomb-Editor/TombEditor/TombEditor.csproj]
/usr/share/dotnet/sdk/10.0.201/Sdks/Microsoft.NET.Sdk/targets/Microsoft.NET.EolTargetFrameworks.targets(32,5): warning NETSDK1138: The target framework 'net6.0-windows' is out of support and will not receive security updates in the future. Please refer to https://aka.ms/dotnet-core-support for more information about the support policy. [/home/runner/work/Tomb-Editor/Tomb-Editor/DarkUI/Example/Example.csproj]
/usr/share/dotnet/sdk/10.0.201/Sdks/Microsoft.NET.Sdk/targets/Microsoft.NET.EolTargetFrameworks.targets(32,5): warning NETSDK1138: The target framework 'net6.0-windows' is out of support and will not receive security updates in the future. Please refer to https://aka.ms/dotnet-core-support for more information about the support policy. [/home/runner/work/Tomb-Editor/Tomb-Editor/NgXmlBuilder/NgXmlBuilder.csproj]
/usr/share/dotnet/sdk/10.0.201/Sdks/Microsoft.NET.Sdk/targets/Microsoft.NET.EolTargetFrameworks.targets(32,5): warning NETSDK1138: The target framework 'net6.0-windows' is out of support and will not receive security updates in the future. Please refer to https://aka.ms/dotnet-core-support for more information about the support policy. [/home/runner/work/Tomb-Editor/Tomb-Editor/TombIDE/TombIDE/TombIDE.csproj]
/usr/share/dotnet/sdk/10.0.201/Sdks/Microsoft.NET.Sdk/targets/Microsoft.NET.EolTargetFrameworks.targets(32,5): warning NETSDK1138: The target framework 'net6.0-windows' is out of support and will not receive security updates in the future. Please refer to https://aka.ms/dotnet-core-support for more information about the support policy. [/home/runner/work/Tomb-Editor/Tomb-Editor/FileAssociation/FileAssociation.csproj]
/usr/share/dotnet/sdk/10.0.201/Sdks/Microsoft.NET.Sdk/targets/Microsoft.NET.EolTargetFrameworks.targets(32,5): warning NETSDK1138: The target framework 'net6.0-windows' is out of support and will not receive security updates in the future. Please refer to https://aka.ms/dotnet-core-support for more information about the support policy. [/home/runner/work/Tomb-Editor/Tomb-Editor/DarkUI/DarkUI.WPF.Demo/DarkUI.WPF.Demo.csproj]
/usr/share/dotnet/sdk/10.0.201/Sdks/Microsoft.NET.Sdk/targets/Microsoft.NET.EolTargetFrameworks.targets(32,5): warning NETSDK1138: The target framework 'net6.0-windows' is out of support and will not receive security updates in the future. Please refer to https://aka.ms/dotnet-core-support for more information about the support policy. [/home/runner/work/Tomb-Editor/Tomb-Editor/SoundTool/SoundTool.csproj]
/usr/share/dotnet/sdk/10.0.201/Sdks/Microsoft.NET.Sdk/targets/Microsoft.NET.EolTargetFrameworks.targets(32,5): warning NETSDK1138: The target framework 'net6.0-windows' is out of support and will not receive security updates in the future. Please refer to https://aka.ms/dotnet-core-support for more information about the support policy. [/home/runner/work/Tomb-Editor/Tomb-Editor/TombIDE/TombIDE.REGSVR/TombIDE.REGSVR.csproj]
/usr/share/dotnet/sdk/10.0.201/Sdks/Microsoft.NET.Sdk/targets/Microsoft.NET.Sdk.FrameworkReferenceResolution.targets(120,5): error NETSDK1100: To build a project targeting Windows on this operating system, set the EnableWindowsTargeting property to true. [/home/runner/work/Tomb-Editor/Tomb-Editor/DarkUI/DarkUI.WPF/DarkUI.WPF.csproj]
/usr/share/dotnet/sdk/10.0.201/Sdks/Microsoft.NET.Sdk/targets/Microsoft.NET.Sdk.FrameworkReferenceResolution.targets(120,5): error NETSDK1100: To build a project targeting Windows on this operating system, set the EnableWindowsTargeting property to true. [/home/runner/work/Tomb-Editor/Tomb-Editor/DarkUI/DarkUI/DarkUI.csproj]
/usr/share/dotnet/sdk/10.0.201/Sdks/Microsoft.NET.Sdk/targets/Microsoft.NET.Sdk.FrameworkReferenceResolution.targets(120,5): error NETSDK1100: To build a project targeting Windows on this operating system, set the EnableWindowsTargeting property to true. [/home/runner/work/Tomb-Editor/Tomb-Editor/TombLib/TombLib.WPF/TombLib.WPF.csproj]
/usr/share/dotnet/sdk/10.0.201/Sdks/Microsoft.NET.Sdk/targets/Microsoft.NET.Sdk.FrameworkReferenceResolution.targets(120,5): error NETSDK1100: To build a project targeting Windows on this operating system, set the EnableWindowsTargeting property to true. [/home/runner/work/Tomb-Editor/Tomb-Editor/TombLib/TombLib/TombLib.csproj]
/usr/share/dotnet/sdk/10.0.201/Sdks/Microsoft.NET.Sdk/targets/Microsoft.NET.Sdk.FrameworkReferenceResolution.targets(120,5): error NETSDK1100: To build a project targeting Windows on this operating system, set the EnableWindowsTargeting property to true. [/home/runner/work/Tomb-Editor/Tomb-Editor/TombLib/TombLib.Forms/TombLib.Forms.csproj]
/usr/share/dotnet/sdk/10.0.201/Sdks/Microsoft.NET.Sdk/targets/Microsoft.NET.Sdk.FrameworkReferenceResolution.targets(120,5): error NETSDK1100: To build a project targeting Windows on this operating system, set the EnableWindowsTargeting property to true. [/home/runner/work/Tomb-Editor/Tomb-Editor/TombLib/TombLib.Rendering/TombLib.Rendering.csproj]
/usr/share/dotnet/sdk/10.0.201/Sdks/Microsoft.NET.Sdk/targets/Microsoft.NET.Sdk.FrameworkReferenceResolution.targets(120,5): error NETSDK1100: To build a project targeting Windows on this operating system, set the EnableWindowsTargeting property to true. [/home/runner/work/Tomb-Editor/Tomb-Editor/WadTool/WadTool.csproj]
/usr/share/dotnet/sdk/10.0.201/Sdks/Microsoft.NET.Sdk/targets/Microsoft.NET.Sdk.FrameworkReferenceResolution.targets(120,5): error NETSDK1100: To build a project targeting Windows on this operating system, set the EnableWindowsTargeting property to true. [/home/runner/work/Tomb-Editor/Tomb-Editor/TombEditor/TombEditor.csproj]
/usr/share/dotnet/sdk/10.0.201/Sdks/Microsoft.NET.Sdk/targets/Microsoft.NET.Sdk.FrameworkReferenceResolution.targets(120,5): error NETSDK1100: To build a project targeting Windows on this operating system, set the EnableWindowsTargeting property to true. [/home/runner/work/Tomb-Editor/Tomb-Editor/TombIDE/TombIDE.Shared/TombIDE.Shared.csproj]
/usr/share/dotnet/sdk/10.0.201/Sdks/Microsoft.NET.Sdk/targets/Microsoft.NET.Sdk.FrameworkReferenceResolution.targets(120,5): error NETSDK1100: To build a project targeting Windows on this operating system, set the EnableWindowsTargeting property to true. [/home/runner/work/Tomb-Editor/Tomb-Editor/DarkUI/Example/Example.csproj]
/usr/share/dotnet/sdk/10.0.201/Sdks/Microsoft.NET.Sdk/targets/Microsoft.NET.Sdk.FrameworkReferenceResolution.targets(120,5): error NETSDK1100: To build a project targeting Windows on this operating system, set the EnableWindowsTargeting property to true. [/home/runner/work/Tomb-Editor/Tomb-Editor/TombLib/TombLib.Scripting.ClassicScript/TombLib.Scripting.ClassicScript.csproj]
/usr/share/dotnet/sdk/10.0.201/Sdks/Microsoft.NET.Sdk/targets/Microsoft.NET.Sdk.FrameworkReferenceResolution.targets(120,5): error NETSDK1100: To build a project targeting Windows on this operating system, set the EnableWindowsTargeting property to true. [/home/runner/work/Tomb-Editor/Tomb-Editor/TombIDE/TombIDE.ScriptingStudio/TombIDE.ScriptingStudio.csproj]
/usr/share/dotnet/sdk/10.0.201/Sdks/Microsoft.NET.Sdk/targets/Microsoft.NET.Sdk.FrameworkReferenceResolution.targets(120,5): error NETSDK1100: To build a project targeting Windows on this operating system, set the EnableWindowsTargeting property to true. [/home/runner/work/Tomb-Editor/Tomb-Editor/TombLib/TombLib.Scripting/TombLib.Scripting.csproj]
/usr/share/dotnet/sdk/10.0.201/Sdks/Microsoft.NET.Sdk/targets/Microsoft.NET.Sdk.FrameworkReferenceResolution.targets(120,5): error NETSDK1100: To build a project targeting Windows on this operating system, set the EnableWindowsTargeting property to true. [/home/runner/work/Tomb-Editor/Tomb-Editor/TombIDE/TombIDE/TombIDE.csproj]
/usr/share/dotnet/sdk/10.0.201/Sdks/Microsoft.NET.Sdk/targets/Microsoft.NET.Sdk.FrameworkReferenceResolution.targets(120,5): error NETSDK1100: To build a project targeting Windows on this operating system, set the EnableWindowsTargeting property to true. [/home/runner/work/Tomb-Editor/Tomb-Editor/TombLib/TombLib.Scripting.GameFlowScript/TombLib.Scripting.GameFlowScript.csproj]
/usr/share/dotnet/sdk/10.0.201/Sdks/Microsoft.NET.Sdk/targets/Microsoft.NET.Sdk.FrameworkReferenceResolution.targets(120,5): error NETSDK1100: To build a project targeting Windows on this operating system, set the EnableWindowsTargeting property to true. [/home/runner/work/Tomb-Editor/Tomb-Editor/TombLib/TombLib.Scripting.Tomb1Main/TombLib.Scripting.Tomb1Main.csproj]
/usr/share/dotnet/sdk/10.0.201/Sdks/Microsoft.NET.Sdk/targets/Microsoft.NET.Sdk.FrameworkReferenceResolution.targets(120,5): error NETSDK1100: To build a project targeting Windows on this operating system, set the EnableWindowsTargeting property to true. [/home/runner/work/Tomb-Editor/Tomb-Editor/FileAssociation/FileAssociation.csproj]
/usr/share/dotnet/sdk/10.0.201/Sdks/Microsoft.NET.Sdk/targets/Microsoft.NET.Sdk.FrameworkReferenceResolution.targets(120,5): error NETSDK1100: To build a project targeting Windows on this operating system, set the EnableWindowsTargeting property to true. [/home/runner/work/Tomb-Editor/Tomb-Editor/DarkUI/DarkUI.WPF.Demo/DarkUI.WPF.Demo.csproj]
/usr/share/dotnet/sdk/10.0.201/Sdks/Microsoft.NET.Sdk/targets/Microsoft.NET.Sdk.FrameworkReferenceResolution.targets(120,5): error NETSDK1100: To build a project targeting Windows on this operating system, set the EnableWindowsTargeting property to true. [/home/runner/work/Tomb-Editor/Tomb-Editor/SoundTool/SoundTool.csproj]
/usr/share/dotnet/sdk/10.0.201/Sdks/Microsoft.NET.Sdk/targets/Microsoft.NET.Sdk.FrameworkReferenceResolution.targets(120,5): error NETSDK1100: To build a project targeting Windows on this operating system, set the EnableWindowsTargeting property to true. [/home/runner/work/Tomb-Editor/Tomb-Editor/TombIDE/TombIDE.ProjectMaster/TombIDE.ProjectMaster.csproj]
/usr/share/dotnet/sdk/10.0.201/Sdks/Microsoft.NET.Sdk/targets/Microsoft.NET.Sdk.FrameworkReferenceResolution.targets(120,5): error NETSDK1100: To build a project targeting Windows on this operating system, set the EnableWindowsTargeting property to true. [/home/runner/work/Tomb-Editor/Tomb-Editor/TombLib/TombLib.Scripting.Lua/TombLib.Scripting.Lua.csproj]
/usr/share/dotnet/sdk/10.0.201/Sdks/Microsoft.NET.Sdk/targets/Microsoft.NET.Sdk.FrameworkReferenceResolution.targets(120,5): error NETSDK1100: To build a project targeting Windows on this operating system, set the EnableWindowsTargeting property to true. [/home/runner/work/Tomb-Editor/Tomb-Editor/TombEditor.Tests/TombEditor.Tests.csproj]
    9 Warning(s)
    22 Error(s)

Time Elapsed 00:00:01.71
